                       AA                     ...        OO                   
                 BidPrice BidVolume AskPrice  ... BidVolume AskPrice AskVolume
01/01/2018 00:05    80.00       135    80.25  ...       109    89.05       109
01/01/2018 00:10    79.95       124    80.20  ...       115    89.00       100
01/01/2018 00:15    79.95       124    80.15  ...        92    89.00       100
01/01/2018 00:20    79.95       130    80.10  ...       100    89.00       113
01/01/2018 00:25    79.90       121    80.10  ...        98    89.00       112
...                   ...       ...      ...  ...       ...      ...       ...
28/02/2018 23:35    92.85       180    93.15  ...       123    94.05        94
28/02/2018 23:40    92.85       163    93.15  ...       135    94.10       103
28/02/2018 23:45    92.80       169    93.05  ...       126    94.05       102
28/02/2018 23:50    92.70       143    93.00  ...       115    94.10       110
28/02/2018 23:55    92.80       147    93.10  ...       110    94.15       114

[16991 rows x 60 columns]
donethis will be recorded 
ReqID :HFT_Data_Sort_SF012 
Test Suite:TS-32
