       BB0.0005  DD0.0005  ...  AA0.0214  II0.0214
0         -0.00      -0.0  ...      -0.0      -0.0
1         -0.00      -0.0  ...      -0.0      -0.0
2         -0.00      -0.0  ...      -0.0      -0.0
3         -0.00      -0.0  ...      -0.0      -0.0
4     -13259.40   12439.1  ...      -0.0      -0.0
...         ...       ...  ...       ...       ...
16985     -0.00      -0.0  ...      -0.0      -0.0
16986     -0.00      -0.0  ...      -0.0      -0.0
16987     -0.00      -0.0  ...      -0.0      -0.0
16988     -0.00      -0.0  ...      -0.0      -0.0
16989  -9479.25    9020.0  ...    9310.0   -8834.7

[16990 rows x 200 columns]
done
 this will be recorded 
ReqID :HFT_Profitability_Threshold_ALGO_SF032 
Test Suite:TS-42
