                  BB Pos - Thres: 0.0005  ...  II Pos - Thres: 0.0214
Timestamp                                 ...                        
01/01/2018 00:10                     0.0  ...                     0.0
01/01/2018 00:15                     0.0  ...                     0.0
01/01/2018 00:20                     0.0  ...                     0.0
01/01/2018 00:25                     0.0  ...                     0.0
01/01/2018 00:30                   132.0  ...                     0.0
...                                  ...  ...                     ...
28/02/2018 23:35                     0.0  ...                     0.0
28/02/2018 23:40                     0.0  ...                     0.0
28/02/2018 23:45                     0.0  ...                     0.0
28/02/2018 23:50                     0.0  ...                     0.0
28/02/2018 23:55                    99.0  ...                    98.0

[16990 rows x 200 columns]
done
 this will be recorded 
ReqID :HFT_Positional_Diff_Threshold_ALGO_SF031 
Test Suite:TS-41
