          Constant   Gamma   Alpha  P-Value
Pairs                                      
(AA, BB)    4.2082  0.0571 -0.0001   0.5739
(AA, CC)    6.4143 -0.4308 -0.0001   0.9207
(AA, DD)    4.2125  0.0540 -0.0001   0.6103
(AA, EE)   15.0252 -2.1503 -0.0003   0.2186
(AA, FF)   10.6286 -1.3206 -0.0002   0.4687
...            ...     ...     ...      ...
(LL, NN)    4.7110 -0.0034 -0.0005   0.2644
(LL, OO)    3.8857  0.1790 -0.0005   0.2344
(MM, NN)   -2.9034  1.5153 -0.0002   0.0000
(MM, OO)    7.3161 -0.6221 -0.0005   0.2670
(NN, OO)    6.6277 -0.3847 -0.0005   0.2389

[105 rows x 4 columns]
done
 this will be recorded 
ReqID :HFT_Statistical_Parameters_SF017 
Test Suite:TS-37
