None
donethis will be recorded 
ReqID :HFT_Bid_and_Ask_Price_SF013 
Test Suite:TS-33
