None
done
 this will be recorded 
ReqID :HFT_Market_Data_MidPrice_Check_SF016 
Test Suite:TS-36
