          CountZeroCrossings  TradingPeriod  LongRunMean     Std
Pair                                                            
(BB, DD)                 660       0.001515         -0.0  0.0100
(BB, JJ)                1475       0.000678         -0.0  0.0044
(DD, HH)                 396       0.002525         -0.0  0.0097
(DD, JJ)                 592       0.001689         -0.0  0.0072
(FF, MM)                1413       0.000708         -0.0  0.0031
(FF, NN)                 705       0.001418          0.0  0.0061
(MM, NN)                 627       0.001595         -0.0  0.0068
(BB, HH)                 334       0.002994          0.0  0.0181
(HH, JJ)                 363       0.002755          0.0  0.0090
(AA, II)                 363       0.002755          0.0  0.0214
done
 this will be recorded 
ReqID :HFT_Pairs_Error_correction_Term_ALGO_SF030 
Test Suite:TS-40
