                       MM                     ...      BBHH      HHJJ      AAII
                 AskPrice AskVolume BidPrice  ...   Z-Value   Z-Value   Z-Value
01/01/2018 00:05    95.20       140    94.90  ...  0.002720  0.004344 -0.063167
01/01/2018 00:10    95.20       144    94.90  ...  0.003133  0.004298 -0.062007
01/01/2018 00:15    95.25       156    94.95  ...  0.004623  0.005180 -0.062319
01/01/2018 00:20    95.25       153    95.00  ...  0.005918  0.004797 -0.064416
01/01/2018 00:25    95.20       153    94.95  ...  0.004485  0.004635 -0.065025
...                   ...       ...      ...  ...       ...       ...       ...
28/02/2018 23:35    90.55       169    90.30  ...  0.012166 -0.002748  0.011450
28/02/2018 23:40    90.60       161    90.35  ...  0.010602 -0.001456  0.011450
28/02/2018 23:45    90.55       144    90.25  ...  0.011853 -0.001212  0.009817
28/02/2018 23:50    90.55       148    90.30  ...  0.012374 -0.001440  0.009285
28/02/2018 23:55    90.55       143    90.25  ...  0.011540 -0.001273  0.009535

[16991 rows x 55 columns]
done
 this will be recorded 
ReqID :HFT_Tradable_Pairs_Data_ALGO_SF029 
Test Suite:TS-39
