{('BB', 'JJ'): 0.00022, ('FF', 'MM'): 0.000155, ('DD', 'HH'): 0.000485, ('AA', 'II'): 0.00107}
done
 this will be recorded 
ReqID :HFT_Manual_Threshold_AST_SF033 
Test Suite:TS-43
