None
donethis will be recorded 
ReqID :HFT_Bid_and_Ask_Volume_SF014 
Test Suite:TS-34
