          Constant   Gamma   Alpha  P-Value
Pairs                                      
(BB, DD)   -2.4182  1.4758 -0.0075   0.0000
(BB, JJ)   -2.4809  1.6206 -0.0000   0.0000
(DD, HH)   -1.6797  1.2787 -0.0040   0.0000
(DD, JJ)    0.2277  1.0356  0.0002   0.0000
(FF, MM)    0.3061  0.9676 -0.0338   0.0000
(FF, NN)   -2.6104  1.4881 -0.0022   0.0000
(MM, NN)   -2.9034  1.5153 -0.0002   0.0000
(BB, HH)   -4.8181  1.8712 -0.0024   0.0009
(HH, JJ)    1.9492  0.7041 -0.0002   0.0010
(AA, II)    0.0445  0.9944 -0.0002   0.0031
done
 this will be recorded 
ReqID :HFT_Tradable_Pairs_Analysis_SF018 
Test Suite:TS-38
