                     BB    JJ    FF    MM    DD    HH    AA    II
Timestamp                                                        
01/01/2018 00:10    0.0   0.0   0.0   0.0   0.0   0.0   0.0   0.0
01/01/2018 00:15    0.0   0.0   0.0   0.0   0.0   0.0   0.0   0.0
01/01/2018 00:20    0.0   0.0   0.0   0.0   0.0   0.0   0.0   0.0
01/01/2018 00:25    0.0   0.0   0.0   0.0   0.0   0.0   0.0   0.0
01/01/2018 00:30    0.0   0.0   0.0   0.0   0.0   0.0   0.0   0.0
...                 ...   ...   ...   ...   ...   ...   ...   ...
28/02/2018 23:35   75.0 -37.0   0.0   0.0   0.0   0.0   0.0   0.0
28/02/2018 23:40 -155.0  77.0   0.0   0.0   0.0   0.0   0.0   0.0
28/02/2018 23:45  -42.0  21.0   0.0   0.0   0.0   0.0   0.0   0.0
28/02/2018 23:50    0.0   0.0   0.0   0.0   0.0   0.0   0.0   0.0
28/02/2018 23:55   98.0 -50.0 -99.0  87.0  99.0 -96.0  99.0 -98.0

[16990 rows x 8 columns]
done
 this will be recorded 
ReqID :HFT_Position_Diff_AST_SF034 
Test Suite:TS-44
