                       AA                     ...       OO                   
                 AskPrice AskVolume BidPrice  ... BidPrice BidVolume MidPrice
01/01/2018 00:05    80.25       135    80.00  ...    88.80       109   88.925
01/01/2018 00:10    80.20       145    79.95  ...    88.75       115   88.875
01/01/2018 00:15    80.15       155    79.95  ...    88.70        92   88.850
01/01/2018 00:20    80.10       154    79.95  ...    88.75       100   88.875
01/01/2018 00:25    80.10       138    79.90  ...    88.75        98   88.875
...                   ...       ...      ...  ...      ...       ...      ...
28/02/2018 23:35    93.15       201    92.85  ...    93.80       123   93.925
28/02/2018 23:40    93.15       180    92.85  ...    93.85       135   93.975
28/02/2018 23:45    93.05       192    92.80  ...    93.80       126   93.925
28/02/2018 23:50    93.00       173    92.70  ...    93.80       115   93.950
28/02/2018 23:55    93.10       156    92.80  ...    93.85       110   94.000

[16991 rows x 75 columns]
done
 this will be recorded 
ReqID :HFT_Market_Data_MidPrice_SF015 
Test Suite:TS-35
