                        BB       JJ  ...  AAII PnL  AAII Cum PnL
Timestamp                            ...                        
01/01/2018 00:10     -0.00    -0.00  ...      -0.0          -0.0
01/01/2018 00:15     -0.00    -0.00  ...      -0.0          -0.0
01/01/2018 00:20     -0.00    -0.00  ...      -0.0          -0.0
01/01/2018 00:25     -0.00    -0.00  ...      -0.0          -0.0
01/01/2018 00:30     -0.00    -0.00  ...      -0.0          -0.0
...                    ...      ...  ...       ...           ...
28/02/2018 23:35  -7181.25  2861.95  ...      -0.0       10757.8
28/02/2018 23:40  14880.00 -5932.85  ...      -0.0       10757.8
28/02/2018 23:45   4032.00 -1615.95  ...      -0.0       10757.8
28/02/2018 23:50     -0.00    -0.00  ...      -0.0       10757.8
28/02/2018 23:55  -9383.50  3862.50  ...    -323.1       10434.7

[16990 rows x 18 columns]
done
 this will be recorded 
ReqID :HFT_Profit_and_loss_AST_SF035 
Test Suite:TS-45
